<table>
<thead><tr>
<th scope="col">a</th>
<th scope="col">b</th>
<th scope="col">c</th>
</tr></thead>
<tfoot><tr>
<th scope="col">a</th>
<th scope="col">b</th>
<th scope="col">c</th>
</tr></tfoot>
<tbody>
<tr>
<td>1</td>
<td>2</td>
<td>3</td>
</tr>
<tr>
<td>4</td>
<td>5</td>
<td>6</td>
</tr>
<tr>
<td>7</td>
<td>8</td>
<td>9</td>
</tr>
</tbody>
</table>
